Archive member included to satisfy reference by file (symbol)

C:/Tools/cubeclt/STM32CubeCLT_1.15.1/GNU-tools-for-STM32/bin/../lib/gcc/arm-none-eabi/12.3.1/../../../../arm-none-eabi/lib/thumb/v7e-m+fp/hard\libc_nano.a(libc_a-exit.o)
                              C:/Tools/cubeclt/STM32CubeCLT_1.15.1/GNU-tools-for-STM32/bin/../lib/gcc/arm-none-eabi/12.3.1/../../../../arm-none-eabi/lib/thumb/v7e-m+fp/hard/crt0.o (exit)
C:/Tools/cubeclt/STM32CubeCLT_1.15.1/GNU-tools-for-STM32/bin/../lib/gcc/arm-none-eabi/12.3.1/../../../../arm-none-eabi/lib/thumb/v7e-m+fp/hard\libc_nano.a(libc_a-findfp.o)
                              C:/Tools/cubeclt/STM32CubeCLT_1.15.1/GNU-tools-for-STM32/bin/../lib/gcc/arm-none-eabi/12.3.1/../../../../arm-none-eabi/lib/thumb/v7e-m+fp/hard\libc_nano.a(libc_a-exit.o) (__stdio_exit_handler)
C:/Tools/cubeclt/STM32CubeCLT_1.15.1/GNU-tools-for-STM32/bin/../lib/gcc/arm-none-eabi/12.3.1/../../../../arm-none-eabi/lib/thumb/v7e-m+fp/hard\libc_nano.a(libc_a-fwalk.o)
                              C:/Tools/cubeclt/STM32CubeCLT_1.15.1/GNU-tools-for-STM32/bin/../lib/gcc/arm-none-eabi/12.3.1/../../../../arm-none-eabi/lib/thumb/v7e-m+fp/hard\libc_nano.a(libc_a-findfp.o) (_fwalk_sglue)
C:/Tools/cubeclt/STM32CubeCLT_1.15.1/GNU-tools-for-STM32/bin/../lib/gcc/arm-none-eabi/12.3.1/../../../../arm-none-eabi/lib/thumb/v7e-m+fp/hard\libc_nano.a(libc_a-stdio.o)
                              C:/Tools/cubeclt/STM32CubeCLT_1.15.1/GNU-tools-for-STM32/bin/../lib/gcc/arm-none-eabi/12.3.1/../../../../arm-none-eabi/lib/thumb/v7e-m+fp/hard\libc_nano.a(libc_a-findfp.o) (__sread)
C:/Tools/cubeclt/STM32CubeCLT_1.15.1/GNU-tools-for-STM32/bin/../lib/gcc/arm-none-eabi/12.3.1/../../../../arm-none-eabi/lib/thumb/v7e-m+fp/hard\libc_nano.a(libc_a-memset.o)
                              C:/Tools/cubeclt/STM32CubeCLT_1.15.1/GNU-tools-for-STM32/bin/../lib/gcc/arm-none-eabi/12.3.1/../../../../arm-none-eabi/lib/thumb/v7e-m+fp/hard/crt0.o (memset)
C:/Tools/cubeclt/STM32CubeCLT_1.15.1/GNU-tools-for-STM32/bin/../lib/gcc/arm-none-eabi/12.3.1/../../../../arm-none-eabi/lib/thumb/v7e-m+fp/hard\libc_nano.a(libc_a-closer.o)
                              C:/Tools/cubeclt/STM32CubeCLT_1.15.1/GNU-tools-for-STM32/bin/../lib/gcc/arm-none-eabi/12.3.1/../../../../arm-none-eabi/lib/thumb/v7e-m+fp/hard\libc_nano.a(libc_a-stdio.o) (_close_r)
C:/Tools/cubeclt/STM32CubeCLT_1.15.1/GNU-tools-for-STM32/bin/../lib/gcc/arm-none-eabi/12.3.1/../../../../arm-none-eabi/lib/thumb/v7e-m+fp/hard\libc_nano.a(libc_a-reent.o)
                              C:/Tools/cubeclt/STM32CubeCLT_1.15.1/GNU-tools-for-STM32/bin/../lib/gcc/arm-none-eabi/12.3.1/../../../../arm-none-eabi/lib/thumb/v7e-m+fp/hard\libc_nano.a(libc_a-closer.o) (errno)
C:/Tools/cubeclt/STM32CubeCLT_1.15.1/GNU-tools-for-STM32/bin/../lib/gcc/arm-none-eabi/12.3.1/../../../../arm-none-eabi/lib/thumb/v7e-m+fp/hard\libc_nano.a(libc_a-impure.o)
                              C:/Tools/cubeclt/STM32CubeCLT_1.15.1/GNU-tools-for-STM32/bin/../lib/gcc/arm-none-eabi/12.3.1/../../../../arm-none-eabi/lib/thumb/v7e-m+fp/hard\libc_nano.a(libc_a-reent.o) (_impure_ptr)
C:/Tools/cubeclt/STM32CubeCLT_1.15.1/GNU-tools-for-STM32/bin/../lib/gcc/arm-none-eabi/12.3.1/../../../../arm-none-eabi/lib/thumb/v7e-m+fp/hard\libc_nano.a(libc_a-lseekr.o)
                              C:/Tools/cubeclt/STM32CubeCLT_1.15.1/GNU-tools-for-STM32/bin/../lib/gcc/arm-none-eabi/12.3.1/../../../../arm-none-eabi/lib/thumb/v7e-m+fp/hard\libc_nano.a(libc_a-stdio.o) (_lseek_r)
C:/Tools/cubeclt/STM32CubeCLT_1.15.1/GNU-tools-for-STM32/bin/../lib/gcc/arm-none-eabi/12.3.1/../../../../arm-none-eabi/lib/thumb/v7e-m+fp/hard\libc_nano.a(libc_a-readr.o)
                              C:/Tools/cubeclt/STM32CubeCLT_1.15.1/GNU-tools-for-STM32/bin/../lib/gcc/arm-none-eabi/12.3.1/../../../../arm-none-eabi/lib/thumb/v7e-m+fp/hard\libc_nano.a(libc_a-stdio.o) (_read_r)
C:/Tools/cubeclt/STM32CubeCLT_1.15.1/GNU-tools-for-STM32/bin/../lib/gcc/arm-none-eabi/12.3.1/../../../../arm-none-eabi/lib/thumb/v7e-m+fp/hard\libc_nano.a(libc_a-writer.o)
                              C:/Tools/cubeclt/STM32CubeCLT_1.15.1/GNU-tools-for-STM32/bin/../lib/gcc/arm-none-eabi/12.3.1/../../../../arm-none-eabi/lib/thumb/v7e-m+fp/hard\libc_nano.a(libc_a-stdio.o) (_write_r)
C:/Tools/cubeclt/STM32CubeCLT_1.15.1/GNU-tools-for-STM32/bin/../lib/gcc/arm-none-eabi/12.3.1/../../../../arm-none-eabi/lib/thumb/v7e-m+fp/hard\libc_nano.a(libc_a-init.o)
                              C:/Tools/cubeclt/STM32CubeCLT_1.15.1/GNU-tools-for-STM32/bin/../lib/gcc/arm-none-eabi/12.3.1/../../../../arm-none-eabi/lib/thumb/v7e-m+fp/hard/crt0.o (__libc_init_array)
C:/Tools/cubeclt/STM32CubeCLT_1.15.1/GNU-tools-for-STM32/bin/../lib/gcc/arm-none-eabi/12.3.1/../../../../arm-none-eabi/lib/thumb/v7e-m+fp/hard\libc_nano.a(libc_a-lock.o)
[...]
Memory Configuration

Name             Origin             Length             Attributes
RAM              0x20000000         0x00010000         xrw
CCMRAM           0x10000000         0x00004000         xrw
FLASH            0x08000000         0x00080000         xr
*default*        0x00000000         0xffffffff

Linker script and memory map

LOAD C:/Tools/cubeclt/STM32CubeCLT_1.15.1/GNU-tools-for-STM32/bin/../lib/gcc/arm-none-eabi/12.3.1/thumb/v7e-m+fp/hard/crti.o
LOAD C:/Tools/cubeclt/STM32CubeCLT_1.15.1/GNU-tools-for-STM32/bin/../lib/gcc/arm-none-eabi/12.3.1/thumb/v7e-m+fp/hard/crtbegin.o
LOAD C:/Tools/cubeclt/STM32CubeCLT_1.15.1/GNU-tools-for-STM32/bin/../lib/gcc/arm-none-eabi/12.3.1/../../../../arm-none-eabi/lib/thumb/v7e-m+fp/hard/crt0.o
START GROUP
LOAD C:/Tools/cubeclt/STM32CubeCLT_1.15.1/GNU-tools-for-STM32/bin/../lib/gcc/arm-none-eabi/12.3.1/../../../../arm-none-eabi/lib/thumb/v7e-m+fp/hard\libc_nano.a
LOAD C:/Tools/cubeclt/STM32CubeCLT_1.15.1/GNU-tools-for-STM32/bin/../lib/gcc/arm-none-eabi/12.3.1/../../../../arm-none-eabi/lib/thumb/v7e-m+fp/hard\libm.a
END GROUP
LOAD CMakeFiles/testitest.dir/Core/Src/main.c.obj
LOAD CMakeFiles/testitest.dir/Core/Src/stm32f3xx_it.c.obj
LOAD CMakeFiles/testitest.dir/Core/Src/stm32f3xx_hal_msp.c.obj
LOAD CMakeFiles/testitest.dir/Drivers/STM32F3xx_HAL_Driver/Src/stm32f3xx_hal_tim.c.obj
LOAD CMakeFiles/testitest.dir/Drivers/STM32F3xx_HAL_Driver/Src/stm32f3xx_hal_tim_ex.c.obj
LOAD CMakeFiles/testitest.dir/Drivers/STM32F3xx_HAL_Driver/Src/stm32f3xx_hal_uart.c.obj
LOAD CMakeFiles/testitest.dir/Drivers/STM32F3xx_HAL_Driver/Src/stm32f3xx_hal_uart_ex.c.obj
LOAD CMakeFiles/testitest.dir/Drivers/STM32F3xx_HAL_Driver/Src/stm32f3xx_hal.c.obj
LOAD CMakeFiles/testitest.dir/Drivers/STM32F3xx_HAL_Driver/Src/stm32f3xx_hal_rcc.c.obj
LOAD CMakeFiles/testitest.dir/Drivers/STM32F3xx_HAL_Driver/Src/stm32f3xx_hal_rcc_ex.c.obj
LOAD CMakeFiles/testitest.dir/Drivers/STM32F3xx_HAL_Driver/Src/stm32f3xx_hal_gpio.c.obj
LOAD CMakeFiles/testitest.dir/Drivers/STM32F3xx_HAL_Driver/Src/stm32f3xx_hal_dma.c.obj
LOAD CMakeFiles/testitest.dir/Drivers/STM32F3xx_HAL_Driver/Src/stm32f3xx_hal_cortex.c.obj
LOAD CMakeFiles/testitest.dir/Drivers/STM32F3xx_HAL_Driver/Src/stm32f3xx_hal_pwr.c.obj
LOAD CMakeFiles/testitest.dir/Drivers/STM32F3xx_HAL_Driver/Src/stm32f3xx_hal_pwr_ex.c.obj
LOAD CMakeFiles/testitest.dir/Drivers/STM32F3xx_HAL_Driver/Src/stm32f3xx_hal_flash.c.obj
LOAD CMakeFiles/testitest.dir/Drivers/STM32F3xx_HAL_Driver/Src/stm32f3xx_hal_flash_ex.c.obj
LOAD CMakeFiles/testitest.dir/Drivers/STM32F3xx_HAL_Driver/Src/stm32f3xx_hal_i2c.c.obj
LOAD CMakeFiles/testitest.dir/Drivers/STM32F3xx_HAL_Driver/Src/stm32f3xx_hal_i2c_ex.c.obj
LOAD CMakeFiles/testitest.dir/Drivers/STM32F3xx_HAL_Driver/Src/stm32f3xx_hal_exti.c.obj
LOAD CMakeFiles/testitest.dir/Core/Src/system_stm32f3xx.c.obj
LOAD CMakeFiles/testitest.dir/Core/Src/sysmem.c.obj
LOAD CMakeFiles/testitest.dir/Core/Src/syscalls.c.obj
LOAD CMakeFiles/testitest.dir/startup_stm32f303xe.s.obj
START GROUP
LOAD C:/Tools/cubeclt/STM32CubeCLT_1.15.1/GNU-tools-for-STM32/bin/../lib/gcc/arm-none-eabi/12.3.1/thumb/v7e-m+fp/hard\libgcc.a
LOAD C:/Tools/cubeclt/STM32CubeCLT_1.15.1/GNU-tools-for-STM32/bin/../lib/gcc/arm-none-eabi/12.3.1/../../../../arm-none-eabi/lib/thumb/v7e-m+fp/hard\libg_nano.a
LOAD C:/Tools/cubeclt/STM32CubeCLT_1.15.1/GNU-tools-for-STM32/bin/../lib/gcc/arm-none-eabi/12.3.1/../../../../arm-none-eabi/lib/thumb/v7e-m+fp/hard\libc_nano.a
END GROUP
START GROUP
LOAD C:/Tools/cubeclt/STM32CubeCLT_1.15.1/GNU-tools-for-STM32/bin/../lib/gcc/arm-none-eabi/12.3.1/thumb/v7e-m+fp/hard\libgcc.a
LOAD C:/Tools/cubeclt/STM32CubeCLT_1.15.1/GNU-tools-for-STM32/bin/../lib/gcc/arm-none-eabi/12.3.1/../../../../arm-none-eabi/lib/thumb/v7e-m+fp/hard\libc_nano.a
END GROUP
LOAD C:/Tools/cubeclt/STM32CubeCLT_1.15.1/GNU-tools-for-STM32/bin/../lib/gcc/arm-none-eabi/12.3.1/thumb/v7e-m+fp/hard/crtend.o
LOAD C:/Tools/cubeclt/STM32CubeCLT_1.15.1/GNU-tools-for-STM32/bin/../lib/gcc/arm-none-eabi/12.3.1/thumb/v7e-m+fp/hard/crtn.o
                0x20010000                        _estack = (ORIGIN (RAM) + LENGTH (RAM))
                0x00000200                        _Min_Heap_Size = 0x200
                0x00000400                        _Min_Stack_Size = 0x400

.isr_vector     0x08000000      0x194
                0x08000000                        . = ALIGN (0x4)
 *(.isr_vector)
 .isr_vector    0x08000000      0x194 CMakeFiles/testitest.dir/startup_stm32f303xe.s.obj
                0x08000000                g_pfnVectors
                0x08000194                        . = ALIGN (0x4)

.text           0x08000194     0x2b34
                0x08000194                        . = ALIGN (0x4)
 *(.text)
 .text          0x08000194       0x40 C:/Tools/cubeclt/STM32CubeCLT_1.15.1/GNU-tools-for-STM32/bin/../lib/gcc/arm-none-eabi/12.3.1/thumb/v7e-m+fp/hard/crtbegin.o
 *(.text*)
 .text.memset   0x080001d4       0x10 C:/Tools/cubeclt/STM32CubeCLT_1.15.1/GNU-tools-for-STM32/bin/../lib/gcc/arm-none-eabi/12.3.1/../../../../arm-none-eabi/lib/thumb/v7e-m+fp/hard\libc_nano.a(libc_a-memset.o)
                0x080001d4                memset
 .text.__libc_init_array
                0x080001e4       0x48 C:/Tools/cubeclt/STM32CubeCLT_1.15.1/GNU-tools-for-STM32/bin/../lib/gcc/arm-none-eabi/12.3.1/../../../../arm-none-eabi/lib/thumb/v7e-m+fp/hard\libc_nano.a(libc_a-init.o)
                0x080001e4                __libc_init_array
 .text.main     0x0800022c       0x18 CMakeFiles/testitest.dir/Core/Src/main.c.obj
                0x0800022c                main
 .text.SystemClock_Config
                0x08000244       0xbc CMakeFiles/testitest.dir/Core/Src/main.c.obj
                0x08000244                SystemClock_Config
 .text.MX_USART2_UART_Init
                0x08000300       0x60 CMakeFiles/testitest.dir/Core/Src/main.c.obj
 .text.MX_GPIO_Init
                0x08000360       0xd0 CMakeFiles/testitest.dir/Core/Src/main.c.obj
 .text.Error_Handler
                0x08000430        0xc CMakeFiles/testitest.dir/Core/Src/main.c.obj
                0x08000430                Error_Handler
 .text.NMI_Handler
                0x0800043c        0x8 CMakeFiles/testitest.dir/Core/Src/stm32f3xx_it.c.obj
                0x0800043c                NMI_Handler
 .text.HardFault_Handler
                0x08000444        0x8 CMakeFiles/testitest.dir/Core/Src/stm32f3xx_it.c.obj
                0x08000444                HardFault_Handler
 .text.MemManage_Handler
                0x0800044c        0x8 CMakeFiles/testitest.dir/Core/Src/stm32f3xx_it.c.obj
                0x0800044c                MemManage_Handler
 .text.BusFault_Handler
                0x08000454        0x8 CMakeFiles/testitest.dir/Core/Src/stm32f3xx_it.c.obj
                0x08000454                BusFault_Handler
 .text.UsageFault_Handler
                0x0800045c        0x8 CMakeFiles/testitest.dir/Core/Src/stm32f3xx_it.c.obj
                0x0800045c                UsageFault_Handler
 .text.SVC_Handler
                0x08000464        0xe CMakeFiles/testitest.dir/Core/Src/stm32f3xx_it.c.obj
                0x08000464                SVC_Handler
 .text.DebugMon_Handler
                0x08000472        0xe CMakeFiles/testitest.dir/Core/Src/stm32f3xx_it.c.obj
                0x08000472                DebugMon_Handler
 .text.PendSV_Handler
                0x08000480        0xe CMakeFiles/testitest.dir/Core/Src/stm32f3xx_it.c.obj
                0x08000480                PendSV_Handler
 .text.SysTick_Handler
                0x0800048e        0xc CMakeFiles/testitest.dir/Core/Src/stm32f3xx_it.c.obj
                0x0800048e                SysTick_Handler
 *fill*         0x0800049a        0x2 
 .text.HAL_MspInit
                0x0800049c       0x48 CMakeFiles/testitest.dir/Core/Src/stm32f3xx_hal_msp.c.obj
                0x0800049c                HAL_MspInit
 .text.HAL_UART_MspInit
                0x080004e4       0x84 CMakeFiles/testitest.dir/Core/Src/stm32f3xx_hal_msp.c.obj
                0x080004e4                HAL_UART_MspInit
 .text.HAL_UART_Init
                0x08000568       0x9c CMakeFiles/testitest.dir/Drivers/STM32F3xx_HAL_Driver/Src/stm32f3xx_hal_uart.c.obj
                0x08000568                HAL_UART_Init
 .text.UART_SetConfig
                0x08000604      0x43c CMakeFiles/testitest.dir/Drivers/STM32F3xx_HAL_Driver/Src/stm32f3xx_hal_uart.c.obj
                0x08000604                UART_SetConfig
 .text.UART_AdvFeatureConfig
                0x08000a40      0x144 CMakeFiles/testitest.dir/Drivers/STM32F3xx_HAL_Driver/Src/stm32f3xx_hal_uart.c.obj
                0x08000a40                UART_AdvFeatureConfig
 .text.UART_CheckIdleState
                0x08000b84       0x8a CMakeFiles/testitest.dir/Drivers/STM32F3xx_HAL_Driver/Src/stm32f3xx_hal_uart.c.obj
                0x08000b84                UART_CheckIdleState
 .text.UART_WaitOnFlagUntilTimeout
                0x08000c0e       0xf6 CMakeFiles/testitest.dir/Drivers/STM32F3xx_HAL_Driver/Src/stm32f3xx_hal_uart.c.obj
                0x08000c0e                UART_WaitOnFlagUntilTimeout
 .text.HAL_Init
                0x08000d04       0x2c CMakeFiles/testitest.dir/Drivers/STM32F3xx_HAL_Driver/Src/stm32f3xx_hal.c.obj
                0x08000d04                HAL_Init
 .text.HAL_InitTick
                0x08000d30       0x60 CMakeFiles/testitest.dir/Drivers/STM32F3xx_HAL_Driver/Src/stm32f3xx_hal.c.obj
                0x08000d30                HAL_InitTick
 .text.HAL_IncTick
                0x08000d90       0x28 CMakeFiles/testitest.dir/Drivers/STM32F3xx_HAL_Driver/Src/stm32f3xx_hal.c.obj
                0x08000d90                HAL_IncTick
 .text.HAL_GetTick
                0x08000db8       0x18 CMakeFiles/testitest.dir/Drivers/STM32F3xx_HAL_Driver/Src/stm32f3xx_hal.c.obj
                0x08000db8                HAL_GetTick
 .text.HAL_RCC_OscConfig
                0x08000dd0     0x10a8 CMakeFiles/testitest.dir/Drivers/STM32F3xx_HAL_Driver/Src/stm32f3xx_hal_rcc.c.obj
                0x08000dd0                HAL_RCC_OscConfig
 .text.HAL_RCC_ClockConfig
                0x08001e78      0x2f8 CMakeFiles/testitest.dir/Drivers/STM32F3xx_HAL_Driver/Src/stm32f3xx_hal_rcc.c.obj
                0x08001e78                HAL_RCC_ClockConfig
 .text.HAL_RCC_GetSysClockFreq
                0x08002170       0xd4 CMakeFiles/testitest.dir/Drivers/STM32F3xx_HAL_Driver/Src/stm32f3xx_hal_rcc.c.obj
                0x08002170                HAL_RCC_GetSysClockFreq
 .text.HAL_RCC_GetHCLKFreq
                0x08002244       0x18 CMakeFiles/testitest.dir/Drivers/STM32F3xx_HAL_Driver/Src/stm32f3xx_hal_rcc.c.obj
                0x08002244                HAL_RCC_GetHCLKFreq
 .text.HAL_RCC_GetPCLK1Freq
                0x0800225c       0x44 CMakeFiles/testitest.dir/Drivers/STM32F3xx_HAL_Driver/Src/stm32f3xx_hal_rcc.c.obj
                0x0800225c                HAL_RCC_GetPCLK1Freq
 .text.HAL_RCC_GetPCLK2Freq
                0x080022a0       0x44 CMakeFiles/testitest.dir/Drivers/STM32F3xx_HAL_Driver/Src/stm32f3xx_hal_rcc.c.obj
                0x080022a0                HAL_RCC_GetPCLK2Freq
 .text.HAL_RCCEx_PeriphCLKConfig
                0x080022e4      0x43c CMakeFiles/testitest.dir/Drivers/STM32F3xx_HAL_Driver/Src/stm32f3xx_hal_rcc_ex.c.obj
                0x080022e4                HAL_RCCEx_PeriphCLKConfig
 .text.HAL_GPIO_Init
                0x08002720      0x314 CMakeFiles/testitest.dir/Drivers/STM32F3xx_HAL_Driver/Src/stm32f3xx_hal_gpio.c.obj
                0x08002720                HAL_GPIO_Init
 .text.HAL_GPIO_WritePin
                0x08002a34       0x30 CMakeFiles/testitest.dir/Drivers/STM32F3xx_HAL_Driver/Src/stm32f3xx_hal_gpio.c.obj
                0x08002a34                HAL_GPIO_WritePin
 .text.__NVIC_SetPriorityGrouping
                0x08002a64       0x48 CMakeFiles/testitest.dir/Drivers/STM32F3xx_HAL_Driver/Src/stm32f3xx_hal_cortex.c.obj
 .text.__NVIC_GetPriorityGrouping
                0x08002aac       0x1c CMakeFiles/testitest.dir/Drivers/STM32F3xx_HAL_Driver/Src/stm32f3xx_hal_cortex.c.obj
 .text.__NVIC_SetPriority
                0x08002ac8       0x54 CMakeFiles/testitest.dir/Drivers/STM32F3xx_HAL_Driver/Src/stm32f3xx_hal_cortex.c.obj
 .text.NVIC_EncodePriority
                0x08002b1c       0x66 CMakeFiles/testitest.dir/Drivers/STM32F3xx_HAL_Driver/Src/stm32f3xx_hal_cortex.c.obj
 *fill*         0x08002b82        0x2 
 .text.SysTick_Config
                0x08002b84       0x44 CMakeFiles/testitest.dir/Drivers/STM32F3xx_HAL_Driver/Src/stm32f3xx_hal_cortex.c.obj
 .text.HAL_NVIC_SetPriorityGrouping
                0x08002bc8       0x16 CMakeFiles/testitest.dir/Drivers/STM32F3xx_HAL_Driver/Src/stm32f3xx_hal_cortex.c.obj
                0x08002bc8                HAL_NVIC_SetPriorityGrouping
 .text.HAL_NVIC_SetPriority
                0x08002bde       0x38 CMakeFiles/testitest.dir/Drivers/STM32F3xx_HAL_Driver/Src/stm32f3xx_hal_cortex.c.obj
                0x08002bde                HAL_NVIC_SetPriority
 .text.HAL_SYSTICK_Config
                0x08002c16       0x18 CMakeFiles/testitest.dir/Drivers/STM32F3xx_HAL_Driver/Src/stm32f3xx_hal_cortex.c.obj
                0x08002c16                HAL_SYSTICK_Config
 *fill*         0x08002c2e        0x2 
 .text.SystemInit
                0x08002c30       0x2c CMakeFiles/testitest.dir/Core/Src/system_stm32f3xx.c.obj
                0x08002c30                SystemInit
 .text.Reset_Handler
                0x08002c5c       0x50 CMakeFiles/testitest.dir/startup_stm32f303xe.s.obj
                0x08002c5c                Reset_Handler
 .text.Default_Handler
                0x08002cac        0x2 CMakeFiles/testitest.dir/startup_stm32f303xe.s.obj
                0x08002cac                RTC_Alarm_IRQHandler
                0x08002cac                TIM8_TRG_COM_IRQHandler
                0x08002cac                TIM8_CC_IRQHandler
                0x08002cac                SPI4_IRQHandler
                0x08002cac                TIM1_CC_IRQHandler
                0x08002cac                USB_HP_IRQHandler
                0x08002cac                PVD_IRQHandler
                0x08002cac                TAMP_STAMP_IRQHandler
                0x08002cac                EXTI3_IRQHandler
                0x08002cac                I2C3_ER_IRQHandler
                0x08002cac                USB_HP_CAN_TX_IRQHandler
                0x08002cac                EXTI0_IRQHandler
                0x08002cac                I2C2_EV_IRQHandler
                0x08002cac                FPU_IRQHandler
                0x08002cac                TIM1_UP_TIM16_IRQHandler
                0x08002cac                ADC1_2_IRQHandler
                0x08002cac                SPI1_IRQHandler
                0x08002cac                CAN_SCE_IRQHandler
                0x08002cac                TIM6_DAC_IRQHandler
                0x08002cac                TIM8_UP_IRQHandler
                0x08002cac                DMA2_Channel2_IRQHandler
                0x08002cac                DMA1_Channel4_IRQHandler
                0x08002cac                TIM20_TRG_COM_IRQHandler
                0x08002cac                USART3_IRQHandler
                0x08002cac                DMA1_Channel7_IRQHandler
                0x08002cac                UART5_IRQHandler
                0x08002cac                ADC3_IRQHandler
                0x08002cac                TIM4_IRQHandler
                0x08002cac                CAN_RX1_IRQHandler
                0x08002cac                DMA2_Channel1_IRQHandler
                0x08002cac                I2C1_EV_IRQHandler
                0x08002cac                DMA1_Channel6_IRQHandler
                0x08002cac                UART4_IRQHandler
                0x08002cac                DMA2_Channel4_IRQHandler
                0x08002cac                TIM3_IRQHandler
                0x08002cac                RCC_IRQHandler
                0x08002cac                TIM20_UP_IRQHandler
                0x08002cac                DMA1_Channel1_IRQHandler
                0x08002cac                Default_Handler
                0x08002cac                USBWakeUp_RMP_IRQHandler
                0x08002cac                EXTI15_10_IRQHandler
                0x08002cac                TIM7_IRQHandler
                0x08002cac                I2C3_EV_IRQHandler
                0x08002cac                EXTI9_5_IRQHandler
                0x08002cac                RTC_WKUP_IRQHandler
                0x08002cac                SPI2_IRQHandler
                0x08002cac                USB_LP_CAN_RX0_IRQHandler
                0x08002cac                DMA2_Channel5_IRQHandler
                0x08002cac                DMA1_Channel5_IRQHandler
                0x08002cac                USB_LP_IRQHandler
                0x08002cac                EXTI4_IRQHandler
                0x08002cac                TIM1_TRG_COM_TIM17_IRQHandler
                0x08002cac                DMA1_Channel3_IRQHandler
                0x08002cac                ADC4_IRQHandler
                0x08002cac                WWDG_IRQHandler
                0x08002cac                TIM2_IRQHandler
                0x08002cac                COMP7_IRQHandler
                0x08002cac                COMP1_2_3_IRQHandler
                0x08002cac                EXTI1_IRQHandler
                0x08002cac                USART2_IRQHandler
                0x08002cac                COMP4_5_6_IRQHandler
                0x08002cac                TIM20_BRK_IRQHandler
                0x08002cac                I2C2_ER_IRQHandler
                0x08002cac                DMA1_Channel2_IRQHandler
                0x08002cac                TIM8_BRK_IRQHandler
                0x08002cac                FLASH_IRQHandler
                0x08002cac                TIM20_CC_IRQHandler
                0x08002cac                USART1_IRQHandler
                0x08002cac                SPI3_IRQHandler
                0x08002cac                I2C1_ER_IRQHandler
                0x08002cac                FMC_IRQHandler
                0x08002cac                USBWakeUp_IRQHandler
                0x08002cac                DMA2_Channel3_IRQHandler
                0x08002cac                EXTI2_TSC_IRQHandler
                0x08002cac                TIM1_BRK_TIM15_IRQHandler
 *(.glue_7)
 .glue_7        0x08002cae        0x0 linker stubs
 *(.glue_7t)
 .glue_7t       0x08002cae        0x0 linker stubs
 *(.eh_frame)
 *fill*         0x08002cae        0x2 
 .eh_frame      0x08002cb0        0x0 C:/Tools/cubeclt/STM32CubeCLT_1.15.1/GNU-tools-for-STM32/bin/../lib/gcc/arm-none-eabi/12.3.1/thumb/v7e-m+fp/hard/crtbegin.o
 *(.init)
 .init          0x08002cb0        0x4 C:/Tools/cubeclt/STM32CubeCLT_1.15.1/GNU-tools-for-STM32/bin/../lib/gcc/arm-none-eabi/12.3.1/thumb/v7e-m+fp/hard/crti.o
                0x08002cb0                _init
 .init          0x08002cb4        0x8 C:/Tools/cubeclt/STM32CubeCLT_1.15.1/GNU-tools-for-STM32/bin/../lib/gcc/arm-none-eabi/12.3.1/thumb/v7e-m+fp/hard/crtn.o
 *(.fini)
 .fini          0x08002cbc        0x4 C:/Tools/cubeclt/STM32CubeCLT_1.15.1/GNU-tools-for-STM32/bin/../lib/gcc/arm-none-eabi/12.3.1/thumb/v7e-m+fp/hard/crti.o
                0x08002cbc                _fini
 .fini          0x08002cc0        0x8 C:/Tools/cubeclt/STM32CubeCLT_1.15.1/GNU-tools-for-STM32/bin/../lib/gcc/arm-none-eabi/12.3.1/thumb/v7e-m+fp/hard/crtn.o
                0x08002cc8                        . = ALIGN (0x4)
                0x08002cc8                        _etext = .

.vfp11_veneer   0x08002cc8        0x0
 .vfp11_veneer  0x08002cc8        0x0 linker stubs

.v4_bx          0x08002cc8        0x0
 .v4_bx         0x08002cc8        0x0 linker stubs

.iplt           0x08002cc8        0x0
 .iplt          0x08002cc8        0x0 C:/Tools/cubeclt/STM32CubeCLT_1.15.1/GNU-tools-for-STM32/bin/../lib/gcc/arm-none-eabi/12.3.1/thumb/v7e-m+fp/hard/crtbegin.o

.rodata         0x08002cc8       0x38
                0x08002cc8                        . = ALIGN (0x4)
 *(.rodata)
 *(.rodata*)
 .rodata.aPLLMULFactorTable
                0x08002cc8       0x10 CMakeFiles/testitest.dir/Drivers/STM32F3xx_HAL_Driver/Src/stm32f3xx_hal_rcc.c.obj
                0x08002cc8                aPLLMULFactorTable
 .rodata.aPredivFactorTable
                0x08002cd8       0x10 CMakeFiles/testitest.dir/Drivers/STM32F3xx_HAL_Driver/Src/stm32f3xx_hal_rcc.c.obj
                0x08002cd8                aPredivFactorTable
 .rodata.AHBPrescTable
                0x08002ce8       0x10 CMakeFiles/testitest.dir/Core/Src/system_stm32f3xx.c.obj
                0x08002ce8                AHBPrescTable
 .rodata.APBPrescTable
                0x08002cf8        0x8 CMakeFiles/testitest.dir/Core/Src/system_stm32f3xx.c.obj
                0x08002cf8                APBPrescTable
                0x08002d00                        . = ALIGN (0x4)

.rel.dyn        0x08002d00        0x0
 .rel.iplt      0x08002d00        0x0 C:/Tools/cubeclt/STM32CubeCLT_1.15.1/GNU-tools-for-STM32/bin/../lib/gcc/arm-none-eabi/12.3.1/thumb/v7e-m+fp/hard/crtbegin.o

.ARM.extab
 *(.ARM.extab* .gnu.linkonce.armextab.*)

.ARM            0x08002d00        0x0
                0x08002d00                        __exidx_start = .
 *(.ARM.exidx*)
                0x08002d00                        __exidx_end = .

.preinit_array  0x08002d00        0x0
                0x08002d00                        PROVIDE (__preinit_array_start = .)
 *(.preinit_array*)
                0x08002d00                        PROVIDE (__preinit_array_end = .)

.init_array     0x08002d00        0x4
                0x08002d00                        PROVIDE (__init_array_start = .)
 *(SORT_BY_NAME(.init_array.*))
 *(.init_array*)
 .init_array    0x08002d00        0x4 C:/Tools/cubeclt/STM32CubeCLT_1.15.1/GNU-tools-for-STM32/bin/../lib/gcc/arm-none-eabi/12.3.1/thumb/v7e-m+fp/hard/crtbegin.o
                0x08002d04                        PROVIDE (__init_array_end = .)

.fini_array     0x08002d04        0x4
                [!provide]                        PROVIDE (__fini_array_start = .)
 *(SORT_BY_NAME(.fini_array.*))
 *(.fini_array*)
 .fini_array    0x08002d04        0x4 C:/Tools/cubeclt/STM32CubeCLT_1.15.1/GNU-tools-for-STM32/bin/../lib/gcc/arm-none-eabi/12.3.1/thumb/v7e-m+fp/hard/crtbegin.o
                [!provide]                        PROVIDE (__fini_array_end = .)
                0x08002d08                        _sidata = LOADADDR (.data)

.data           0x20000000        0xc load address 0x08002d08
                0x20000000                        . = ALIGN (0x4)
                0x20000000                        _sdata = .
 *(.data)
 *(.data*)
 .data.uwTickPrio
                0x20000000        0x4 CMakeFiles/testitest.dir/Drivers/STM32F3xx_HAL_Driver/Src/stm32f3xx_hal.c.obj
                0x20000000                uwTickPrio
 .data.uwTickFreq
                0x20000004        0x1 CMakeFiles/testitest.dir/Drivers/STM32F3xx_HAL_Driver/Src/stm32f3xx_hal.c.obj
                0x20000004                uwTickFreq
 *fill*         0x20000005        0x3 
 .data.SystemCoreClock
                0x20000008        0x4 CMakeFiles/testitest.dir/Core/Src/system_stm32f3xx.c.obj
                0x20000008                SystemCoreClock
                0x2000000c                        . = ALIGN (0x4)
                0x2000000c                        _edata = .
                0x08002d14                        _siccmram = LOADADDR (.ccmram)

.igot.plt       0x2000000c        0x0 load address 0x08002d14
 .igot.plt      0x2000000c        0x0 C:/Tools/cubeclt/STM32CubeCLT_1.15.1/GNU-tools-for-STM32/bin/../lib/gcc/arm-none-eabi/12.3.1/thumb/v7e-m+fp/hard/crtbegin.o

.ccmram         0x10000000        0x0 load address 0x08002d14
                0x10000000                        . = ALIGN (0x4)
                0x10000000                        _sccmram = .
 *(.ccmram)
 *(.ccmram*)
                0x10000000                        . = ALIGN (0x4)
                0x10000000                        _eccmram = .
                0x10000000                        . = ALIGN (0x4)

.bss            0x2000000c       0xa0
                0x2000000c                        _sbss = .
                0x2000000c                        __bss_start__ = _sbss
 *(.bss)
 .bss           0x2000000c       0x1c C:/Tools/cubeclt/STM32CubeCLT_1.15.1/GNU-tools-for-STM32/bin/../lib/gcc/arm-none-eabi/12.3.1/thumb/v7e-m+fp/hard/crtbegin.o
 *(.bss*)
 .bss.huart2    0x20000028       0x80 CMakeFiles/testitest.dir/Core/Src/main.c.obj
                0x20000028                huart2
 .bss.uwTick    0x200000a8        0x4 CMakeFiles/testitest.dir/Drivers/STM32F3xx_HAL_Driver/Src/stm32f3xx_hal.c.obj
                0x200000a8                uwTick
 *(COMMON)
                0x200000ac                        . = ALIGN (0x4)
                0x200000ac                        _ebss = .
                0x200000ac                        __bss_end__ = _ebss

._user_heap_stack
                0x200000ac      0x604
                0x200000b0                        . = ALIGN (0x8)
 *fill*         0x200000ac        0x4 
                [!provide]                        PROVIDE (end = .)
                0x200000b0                        PROVIDE (_end = .)
                0x200002b0                        . = (. + _Min_Heap_Size)
 *fill*         0x200000b0      0x200 
                0x200006b0                        . = (. + _Min_Stack_Size)
 *fill*         0x200002b0      0x400 
                0x200006b0                        . = ALIGN (0x8)

/DISCARD/
 libc.a(*)
 libm.a(*)
 libgcc.a(*)

.ARM.attributes
                0x00000000       0x30
 *(.ARM.attributes)
 .ARM.attributes
                0x00000000       0x22 C:/Tools/cubeclt/STM32CubeCLT_1.15.1/GNU-tools-for-STM32/bin/../lib/gcc/arm-none-eabi/12.3.1/thumb/v7e-m+fp/hard/crti.o
 .ARM.attributes
                0x00000022       0x34 C:/Tools/cubeclt/STM32CubeCLT_1.15.1/GNU-tools-for-STM32/bin/../lib/gcc/arm-none-eabi/12.3.1/thumb/v7e-m+fp/hard/crtbegin.o
 .ARM.attributes
                0x00000056       0x34 C:/Tools/cubeclt/STM32CubeCLT_1.15.1/GNU-tools-for-STM32/bin/../lib/gcc/arm-none-eabi/12.3.1/../../../../arm-none-eabi/lib/thumb/v7e-m+fp/hard\libc_nano.a(libc_a-memset.o)
 .ARM.attributes
                0x0000008a       0x34 C:/Tools/cubeclt/STM32CubeCLT_1.15.1/GNU-tools-for-STM32/bin/../lib/gcc/arm-none-eabi/12.3.1/../../../../arm-none-eabi/lib/thumb/v7e-m+fp/hard\libc_nano.a(libc_a-init.o)
 .ARM.attributes
                0x000000be       0x34 CMakeFiles/testitest.dir/Core/Src/main.c.obj
 .ARM.attributes
                0x000000f2       0x34 CMakeFiles/testitest.dir/Core/Src/stm32f3xx_it.c.obj
 .ARM.attributes
                0x00000126       0x34 CMakeFiles/testitest.dir/Core/Src/stm32f3xx_hal_msp.c.obj
 .ARM.attributes
                0x0000015a       0x34 CMakeFiles/testitest.dir/Drivers/STM32F3xx_HAL_Driver/Src/stm32f3xx_hal_uart.c.obj
 .ARM.attributes
                0x0000018e       0x34 CMakeFiles/testitest.dir/Drivers/STM32F3xx_HAL_Driver/Src/stm32f3xx_hal.c.obj
 .ARM.attributes
                0x000001c2       0x34 CMakeFiles/testitest.dir/Drivers/STM32F3xx_HAL_Driver/Src/stm32f3xx_hal_rcc.c.obj
 .ARM.attributes
                0x000001f6       0x34 CMakeFiles/testitest.dir/Drivers/STM32F3xx_HAL_Driver/Src/stm32f3xx_hal_rcc_ex.c.obj
 .ARM.attributes
                0x0000022a       0x34 CMakeFiles/testitest.dir/Drivers/STM32F3xx_HAL_Driver/Src/stm32f3xx_hal_gpio.c.obj
 .ARM.attributes
                0x0000025e       0x34 CMakeFiles/testitest.dir/Drivers/STM32F3xx_HAL_Driver/Src/stm32f3xx_hal_cortex.c.obj
 .ARM.attributes
                0x00000292       0x34 CMakeFiles/testitest.dir/Core/Src/system_stm32f3xx.c.obj
 .ARM.attributes
                0x000002c6       0x21 CMakeFiles/testitest.dir/startup_stm32f303xe.s.obj
 .ARM.attributes
                0x000002e7       0x22 C:/Tools/cubeclt/STM32CubeCLT_1.15.1/GNU-tools-for-STM32/bin/../lib/gcc/arm-none-eabi/12.3.1/thumb/v7e-m+fp/hard/crtn.o
OUTPUT(testitest.elf elf32-littlearm)
LOAD linker stubs
LOAD C:/Tools/cubeclt/STM32CubeCLT_1.15.1/GNU-tools-for-STM32/bin/../lib/gcc/arm-none-eabi/12.3.1/../../../../arm-none-eabi/lib/thumb/v7e-m+fp/hard\libc.a
LOAD C:/Tools/cubeclt/STM32CubeCLT_1.15.1/GNU-tools-for-STM32/bin/../lib/gcc/arm-none-eabi/12.3.1/../../../../arm-none-eabi/lib/thumb/v7e-m+fp/hard\libm.a
LOAD C:/Tools/cubeclt/STM32CubeCLT_1.15.1/GNU-tools-for-STM32/bin/../lib/gcc/arm-none-eabi/12.3.1/thumb/v7e-m+fp/hard\libgcc.a

.debug_frame    0x00000000     0x1820
 .debug_frame   0x00000000       0x20 C:/Tools/cubeclt/STM32CubeCLT_1.15.1/GNU-tools-for-STM32/bin/../lib/gcc/arm-none-eabi/12.3.1/../../../../arm-none-eabi/lib/thumb/v7e-m+fp/hard\libc_nano.a(libc_a-memset.o)
 .debug_frame   0x00000020       0x2c C:/Tools/cubeclt/STM32CubeCLT_1.15.1/GNU-tools-for-STM32/bin/../lib/gcc/arm-none-eabi/12.3.1/../../../../arm-none-eabi/lib/thumb/v7e-m+fp/hard\libc_nano.a(libc_a-init.o)
 .debug_frame   0x0000004c       0xac CMakeFiles/testitest.dir/Core/Src/main.c.obj
 .debug_frame   0x000000f8      0x104 CMakeFiles/testitest.dir/Core/Src/stm32f3xx_it.c.obj
 .debug_frame   0x000001fc       0x7c CMakeFiles/testitest.dir/Core/Src/stm32f3xx_hal_msp.c.obj
 .debug_frame   0x00000278      0x970 CMakeFiles/testitest.dir/Drivers/STM32F3xx_HAL_Driver/Src/stm32f3xx_hal_uart.c.obj
 .debug_frame   0x00000be8      0x334 CMakeFiles/testitest.dir/Drivers/STM32F3xx_HAL_Driver/Src/stm32f3xx_hal.c.obj
 .debug_frame   0x00000f1c      0x214 CMakeFiles/testitest.dir/Drivers/STM32F3xx_HAL_Driver/Src/stm32f3xx_hal_rcc.c.obj
 .debug_frame   0x00001130       0xb4 CMakeFiles/testitest.dir/Drivers/STM32F3xx_HAL_Driver/Src/stm32f3xx_hal_rcc_ex.c.obj
 .debug_frame   0x000011e4      0x14c CMakeFiles/testitest.dir/Drivers/STM32F3xx_HAL_Driver/Src/stm32f3xx_hal_gpio.c.obj
 .debug_frame   0x00001330      0x498 CMakeFiles/testitest.dir/Drivers/STM32F3xx_HAL_Driver/Src/stm32f3xx_hal_cortex.c.obj
 .debug_frame   0x000017c8       0x58 CMakeFiles/testitest.dir/Core/Src/system_stm32f3xx.c.obj

.debug_info     0x00000000     0x66dd
 .debug_info    0x00000000      0xc95 CMakeFiles/testitest.dir/Core/Src/main.c.obj
 .debug_info    0x00000c95      0x113 CMakeFiles/testitest.dir/Core/Src/stm32f3xx_it.c.obj
 .debug_info    0x00000da8      0x8b3 CMakeFiles/testitest.dir/Core/Src/stm32f3xx_hal_msp.c.obj
 .debug_info    0x0000165b     0x156e CMakeFiles/testitest.dir/Drivers/STM32F3xx_HAL_Driver/Src/stm32f3xx_hal_uart.c.obj
 .debug_info    0x00002bc9      0x804 CMakeFiles/testitest.dir/Drivers/STM32F3xx_HAL_Driver/Src/stm32f3xx_hal.c.obj
 .debug_info    0x000033cd     0x1501 CMakeFiles/testitest.dir/Drivers/STM32F3xx_HAL_Driver/Src/stm32f3xx_hal_rcc.c.obj
 .debug_info    0x000048ce      0x662 CMakeFiles/testitest.dir/Drivers/STM32F3xx_HAL_Driver/Src/stm32f3xx_hal_rcc_ex.c.obj
 .debug_info    0x00004f30      0x697 CMakeFiles/testitest.dir/Drivers/STM32F3xx_HAL_Driver/Src/stm32f3xx_hal_gpio.c.obj
 .debug_info    0x000055c7      0xcdf CMakeFiles/testitest.dir/Drivers/STM32F3xx_HAL_Driver/Src/stm32f3xx_hal_cortex.c.obj
 .debug_info    0x000062a6      0x407 CMakeFiles/testitest.dir/Core/Src/system_stm32f3xx.c.obj
 .debug_info    0x000066ad       0x30 CMakeFiles/testitest.dir/startup_stm32f303xe.s.obj

.debug_abbrev   0x00000000     0x145f
 .debug_abbrev  0x00000000      0x24c CMakeFiles/testitest.dir/Core/Src/main.c.obj
 .debug_abbrev  0x0000024c       0x73 CMakeFiles/testitest.dir/Core/Src/stm32f3xx_it.c.obj
 .debug_abbrev  0x000002bf      0x1b6 CMakeFiles/testitest.dir/Core/Src/stm32f3xx_hal_msp.c.obj
 .debug_abbrev  0x00000475      0x249 CMakeFiles/testitest.dir/Drivers/STM32F3xx_HAL_Driver/Src/stm32f3xx_hal_uart.c.obj
 .debug_abbrev  0x000006be      0x215 CMakeFiles/testitest.dir/Drivers/STM32F3xx_HAL_Driver/Src/stm32f3xx_hal.c.obj
 .debug_abbrev  0x000008d3      0x314 CMakeFiles/testitest.dir/Drivers/STM32F3xx_HAL_Driver/Src/stm32f3xx_hal_rcc.c.obj
 .debug_abbrev  0x00000be7      0x247 CMakeFiles/testitest.dir/Drivers/STM32F3xx_HAL_Driver/Src/stm32f3xx_hal_rcc_ex.c.obj
 .debug_abbrev  0x00000e2e      0x1ca CMakeFiles/testitest.dir/Drivers/STM32F3xx_HAL_Driver/Src/stm32f3xx_hal_gpio.c.obj
 .debug_abbrev  0x00000ff8      0x329 CMakeFiles/testitest.dir/Drivers/STM32F3xx_HAL_Driver/Src/stm32f3xx_hal_cortex.c.obj
 .debug_abbrev  0x00001321      0x11a CMakeFiles/testitest.dir/Core/Src/system_stm32f3xx.c.obj
 .debug_abbrev  0x0000143b       0x24 CMakeFiles/testitest.dir/startup_stm32f303xe.s.obj

.debug_aranges  0x00000000      0x640
 .debug_aranges
                0x00000000       0x40 CMakeFiles/testitest.dir/Core/Src/main.c.obj
 .debug_aranges
                0x00000040       0x60 CMakeFiles/testitest.dir/Core/Src/stm32f3xx_it.c.obj
 .debug_aranges
                0x000000a0       0x30 CMakeFiles/testitest.dir/Core/Src/stm32f3xx_hal_msp.c.obj
 .debug_aranges
                0x000000d0      0x210 CMakeFiles/testitest.dir/Drivers/STM32F3xx_HAL_Driver/Src/stm32f3xx_hal_uart.c.obj
 .debug_aranges
                0x000002e0       0xe0 CMakeFiles/testitest.dir/Drivers/STM32F3xx_HAL_Driver/Src/stm32f3xx_hal.c.obj
 .debug_aranges
                0x000003c0       0x88 CMakeFiles/testitest.dir/Drivers/STM32F3xx_HAL_Driver/Src/stm32f3xx_hal_rcc.c.obj
 .debug_aranges
                0x00000448       0x38 CMakeFiles/testitest.dir/Drivers/STM32F3xx_HAL_Driver/Src/stm32f3xx_hal_rcc_ex.c.obj
 .debug_aranges
                0x00000480       0x58 CMakeFiles/testitest.dir/Drivers/STM32F3xx_HAL_Driver/Src/stm32f3xx_hal_gpio.c.obj
 .debug_aranges
                0x000004d8      0x118 CMakeFiles/testitest.dir/Drivers/STM32F3xx_HAL_Driver/Src/stm32f3xx_hal_cortex.c.obj
 .debug_aranges
                0x000005f0       0x28 CMakeFiles/testitest.dir/Core/Src/system_stm32f3xx.c.obj
 .debug_aranges
                0x00000618       0x28 CMakeFiles/testitest.dir/startup_stm32f303xe.s.obj

.debug_rnglists
                0x00000000      0x4a3
 .debug_rnglists
                0x00000000       0x2d CMakeFiles/testitest.dir/Core/Src/main.c.obj
 .debug_rnglists
                0x0000002d       0x43 CMakeFiles/testitest.dir/Core/Src/stm32f3xx_it.c.obj
 .debug_rnglists
                0x00000070       0x20 CMakeFiles/testitest.dir/Core/Src/stm32f3xx_hal_msp.c.obj
 .debug_rnglists
                0x00000090      0x1a1 CMakeFiles/testitest.dir/Drivers/STM32F3xx_HAL_Driver/Src/stm32f3xx_hal_uart.c.obj
 .debug_rnglists
                0x00000231       0xa3 CMakeFiles/testitest.dir/Drivers/STM32F3xx_HAL_Driver/Src/stm32f3xx_hal.c.obj
 .debug_rnglists
                0x000002d4       0x66 CMakeFiles/testitest.dir/Drivers/STM32F3xx_HAL_Driver/Src/stm32f3xx_hal_rcc.c.obj
 .debug_rnglists
                0x0000033a       0x29 CMakeFiles/testitest.dir/Drivers/STM32F3xx_HAL_Driver/Src/stm32f3xx_hal_rcc_ex.c.obj
 .debug_rnglists
                0x00000363       0x3f CMakeFiles/testitest.dir/Drivers/STM32F3xx_HAL_Driver/Src/stm32f3xx_hal_gpio.c.obj
 .debug_rnglists
                0x000003a2       0xce CMakeFiles/testitest.dir/Drivers/STM32F3xx_HAL_Driver/Src/stm32f3xx_hal_cortex.c.obj
 .debug_rnglists
                0x00000470       0x1a CMakeFiles/testitest.dir/Core/Src/system_stm32f3xx.c.obj
 .debug_rnglists
                0x0000048a       0x19 CMakeFiles/testitest.dir/startup_stm32f303xe.s.obj

.debug_macro    0x00000000    0x1b6b5
 .debug_macro   0x00000000      0x1c9 CMakeFiles/testitest.dir/Core/Src/main.c.obj
 .debug_macro   0x000001c9      0xab4 CMakeFiles/testitest.dir/Core/Src/main.c.obj
 .debug_macro   0x00000c7d      0x151 CMakeFiles/testitest.dir/Core/Src/main.c.obj
 .debug_macro   0x00000dce       0x2e CMakeFiles/testitest.dir/Core/Src/main.c.obj
 .debug_macro   0x00000dfc       0x28 CMakeFiles/testitest.dir/Core/Src/main.c.obj
 .debug_macro   0x00000e24       0x22 CMakeFiles/testitest.dir/Core/Src/main.c.obj
 .debug_macro   0x00000e46       0x8e CMakeFiles/testitest.dir/Core/Src/main.c.obj
 .debug_macro   0x00000ed4       0x51 CMakeFiles/testitest.dir/Core/Src/main.c.obj
 .debug_macro   0x00000f25      0x103 CMakeFiles/testitest.dir/Core/Src/main.c.obj
 .debug_macro   0x00001028       0x6a CMakeFiles/testitest.dir/Core/Src/main.c.obj
 .debug_macro   0x00001092      0x1df CMakeFiles/testitest.dir/Core/Src/main.c.obj
 .debug_macro   0x00001271       0x1c CMakeFiles/testitest.dir/Core/Src/main.c.obj
 .debug_macro   0x0000128d       0x22 CMakeFiles/testitest.dir/Core/Src/main.c.obj
 .debug_macro   0x000012af       0xd9 CMakeFiles/testitest.dir/Core/Src/main.c.obj
 .debug_macro   0x00001388     0x102d CMakeFiles/testitest.dir/Core/Src/main.c.obj
 .debug_macro   0x000023b5      0x11f CMakeFiles/testitest.dir/Core/Src/main.c.obj
 .debug_macro   0x000024d4    0x15353 CMakeFiles/testitest.dir/Core/Src/main.c.obj
 .debug_macro   0x00017827       0x43 CMakeFiles/testitest.dir/Core/Src/main.c.obj
 .debug_macro   0x0001786a      0x189 CMakeFiles/testitest.dir/Core/Src/main.c.obj
 .debug_macro   0x000179f3       0x53 CMakeFiles/testitest.dir/Core/Src/main.c.obj
 .debug_macro   0x00017a46      0x954 CMakeFiles/testitest.dir/Core/Src/main.c.obj
 .debug_macro   0x0001839a      0x84a CMakeFiles/testitest.dir/Core/Src/main.c.obj
 .debug_macro   0x00018be4      0x12f CMakeFiles/testitest.dir/Core/Src/main.c.obj
 .debug_macro   0x00018d13      0x23a CMakeFiles/testitest.dir/Core/Src/main.c.obj
 .debug_macro   0x00018f4d      0x1ea CMakeFiles/testitest.dir/Core/Src/main.c.obj
 .debug_macro   0x00019137      0x1bc CMakeFiles/testitest.dir/Core/Src/main.c.obj
 .debug_macro   0x000192f3       0x30 CMakeFiles/testitest.dir/Core/Src/main.c.obj
 .debug_macro   0x00019323       0x3c CMakeFiles/testitest.dir/Core/Src/main.c.obj
 .debug_macro   0x0001935f      0x236 CMakeFiles/testitest.dir/Core/Src/main.c.obj
 .debug_macro   0x00019595       0xc5 CMakeFiles/testitest.dir/Core/Src/main.c.obj
 .debug_macro   0x0001965a      0x21d CMakeFiles/testitest.dir/Core/Src/main.c.obj
 .debug_macro   0x00019877      0x22c CMakeFiles/testitest.dir/Core/Src/main.c.obj
 .debug_macro   0x00019aa3       0x58 CMakeFiles/testitest.dir/Core/Src/main.c.obj
 .debug_macro   0x00019afb       0xa5 CMakeFiles/testitest.dir/Core/Src/main.c.obj
 .debug_macro   0x00019ba0       0x81 CMakeFiles/testitest.dir/Core/Src/main.c.obj
 .debug_macro   0x00019c21       0xd3 CMakeFiles/testitest.dir/Core/Src/main.c.obj
 .debug_macro   0x00019cf4      0x589 CMakeFiles/testitest.dir/Core/Src/main.c.obj
 .debug_macro   0x0001a27d       0x44 CMakeFiles/testitest.dir/Core/Src/main.c.obj
 .debug_macro   0x0001a2c1      0x347 CMakeFiles/testitest.dir/Core/Src/main.c.obj
 .debug_macro   0x0001a608       0x58 CMakeFiles/testitest.dir/Core/Src/main.c.obj
 .debug_macro   0x0001a660      0x1d3 CMakeFiles/testitest.dir/Core/Src/stm32f3xx_it.c.obj
 .debug_macro   0x0001a833      0x1c9 CMakeFiles/testitest.dir/Core/Src/stm32f3xx_hal_msp.c.obj
 .debug_macro   0x0001a9fc      0x1d7 CMakeFiles/testitest.dir/Drivers/STM32F3xx_HAL_Driver/Src/stm32f3xx_hal_uart.c.obj
 .debug_macro   0x0001abd3      0x1de CMakeFiles/testitest.dir/Drivers/STM32F3xx_HAL_Driver/Src/stm32f3xx_hal.c.obj
 .debug_macro   0x0001adb1      0x1de CMakeFiles/testitest.dir/Drivers/STM32F3xx_HAL_Driver/Src/stm32f3xx_hal_rcc.c.obj
 .debug_macro   0x0001af8f      0x1ba CMakeFiles/testitest.dir/Drivers/STM32F3xx_HAL_Driver/Src/stm32f3xx_hal_rcc_ex.c.obj
 .debug_macro   0x0001b149      0x1f2 CMakeFiles/testitest.dir/Drivers/STM32F3xx_HAL_Driver/Src/stm32f3xx_hal_gpio.c.obj
 .debug_macro   0x0001b33b      0x1ba CMakeFiles/testitest.dir/Drivers/STM32F3xx_HAL_Driver/Src/stm32f3xx_hal_cortex.c.obj
 .debug_macro   0x0001b4f5      0x1c0 CMakeFiles/testitest.dir/Core/Src/system_stm32f3xx.c.obj

.debug_line     0x00000000     0x7a2f
 .debug_line    0x00000000      0x781 CMakeFiles/testitest.dir/Core/Src/main.c.obj
 .debug_line    0x00000781      0x750 CMakeFiles/testitest.dir/Core/Src/stm32f3xx_it.c.obj
 .debug_line    0x00000ed1      0x6db CMakeFiles/testitest.dir/Core/Src/stm32f3xx_hal_msp.c.obj
 .debug_line    0x000015ac     0x1b21 CMakeFiles/testitest.dir/Drivers/STM32F3xx_HAL_Driver/Src/stm32f3xx_hal_uart.c.obj
 .debug_line    0x000030cd      0x93f CMakeFiles/testitest.dir/Drivers/STM32F3xx_HAL_Driver/Src/stm32f3xx_hal.c.obj
 .debug_line    0x00003a0c     0x132b CMakeFiles/testitest.dir/Drivers/STM32F3xx_HAL_Driver/Src/stm32f3xx_hal_rcc.c.obj
 .debug_line    0x00004d37      0xe7d CMakeFiles/testitest.dir/Drivers/STM32F3xx_HAL_Driver/Src/stm32f3xx_hal_rcc_ex.c.obj
 .debug_line    0x00005bb4      0xaf0 CMakeFiles/testitest.dir/Drivers/STM32F3xx_HAL_Driver/Src/stm32f3xx_hal_gpio.c.obj
 .debug_line    0x000066a4      0xc02 CMakeFiles/testitest.dir/Drivers/STM32F3xx_HAL_Driver/Src/stm32f3xx_hal_cortex.c.obj
 .debug_line    0x000072a6      0x712 CMakeFiles/testitest.dir/Core/Src/system_stm32f3xx.c.obj
 .debug_line    0x000079b8       0x77 CMakeFiles/testitest.dir/startup_stm32f303xe.s.obj

.debug_str      0x00000000    0xa29f8
 .debug_str     0x00000000    0xa0c9f CMakeFiles/testitest.dir/Core/Src/main.c.obj
                              0xa12ee (size before relaxing)
 .debug_str     0x000a0c9f       0xe7 CMakeFiles/testitest.dir/Core/Src/stm32f3xx_it.c.obj
                              0xa0acd (size before relaxing)
 .debug_str     0x000a0d86       0xa1 CMakeFiles/testitest.dir/Core/Src/stm32f3xx_hal_msp.c.obj
                              0xa0f58 (size before relaxing)
 .debug_str     0x000a0e27      0x8de CMakeFiles/testitest.dir/Drivers/STM32F3xx_HAL_Driver/Src/stm32f3xx_hal_uart.c.obj
                              0xa1681 (size before relaxing)
 .debug_str     0x000a1705      0x7e4 CMakeFiles/testitest.dir/Drivers/STM32F3xx_HAL_Driver/Src/stm32f3xx_hal.c.obj
                              0xa12df (size before relaxing)
 .debug_str     0x000a1ee9      0x2ed CMakeFiles/testitest.dir/Drivers/STM32F3xx_HAL_Driver/Src/stm32f3xx_hal_rcc.c.obj
                              0xa0eda (size before relaxing)
 .debug_str     0x000a21d6       0xe6 CMakeFiles/testitest.dir/Drivers/STM32F3xx_HAL_Driver/Src/stm32f3xx_hal_rcc_ex.c.obj
                              0xa0d24 (size before relaxing)
 .debug_str     0x000a22bc      0x27c CMakeFiles/testitest.dir/Drivers/STM32F3xx_HAL_Driver/Src/stm32f3xx_hal_gpio.c.obj
                              0xa0cd6 (size before relaxing)
 .debug_str     0x000a2538      0x3e6 CMakeFiles/testitest.dir/Drivers/STM32F3xx_HAL_Driver/Src/stm32f3xx_hal_cortex.c.obj
                              0xa1331 (size before relaxing)
 .debug_str     0x000a291e       0x87 CMakeFiles/testitest.dir/Core/Src/system_stm32f3xx.c.obj
                              0xa0a4a (size before relaxing)
 .debug_str     0x000a29a5       0x53 CMakeFiles/testitest.dir/startup_stm32f303xe.s.obj
                                 0x80 (size before relaxing)

.comment        0x00000000       0x43
 .comment       0x00000000       0x43 CMakeFiles/testitest.dir/Core/Src/main.c.obj
                                 0x44 (size before relaxing)
 .comment       0x00000043       0x44 CMakeFiles/testitest.dir/Core/Src/stm32f3xx_it.c.obj
 .comment       0x00000043       0x44 CMakeFiles/testitest.dir/Core/Src/stm32f3xx_hal_msp.c.obj
 .comment       0x00000043       0x44 CMakeFiles/testitest.dir/Drivers/STM32F3xx_HAL_Driver/Src/stm32f3xx_hal_uart.c.obj
 .comment       0x00000043       0x44 CMakeFiles/testitest.dir/Drivers/STM32F3xx_HAL_Driver/Src/stm32f3xx_hal.c.obj
 .comment       0x00000043       0x44 CMakeFiles/testitest.dir/Drivers/STM32F3xx_HAL_Driver/Src/stm32f3xx_hal_rcc.c.obj
 .comment       0x00000043       0x44 CMakeFiles/testitest.dir/Drivers/STM32F3xx_HAL_Driver/Src/stm32f3xx_hal_rcc_ex.c.obj
 .comment       0x00000043       0x44 CMakeFiles/testitest.dir/Drivers/STM32F3xx_HAL_Driver/Src/stm32f3xx_hal_gpio.c.obj
 .comment       0x00000043       0x44 CMakeFiles/testitest.dir/Drivers/STM32F3xx_HAL_Driver/Src/stm32f3xx_hal_cortex.c.obj
 .comment       0x00000043       0x44 CMakeFiles/testitest.dir/Core/Src/system_stm32f3xx.c.obj

.debug_line_str
                0x00000000       0x64
 .debug_line_str
                0x00000000       0x64 CMakeFiles/testitest.dir/startup_stm32f303xe.s.obj
